MOVE	D:\switch游戏\个人汉化\clannad\汉化工作\05_build\CLANNAD_CHS_LayeredFS_v1.0.7_fix8	D:\switch游戏\个人汉化\clannad\汉化工作\06_release\CLANNAD_CHS_LayeredFS_v1.0.7_fix8
MOVE	D:\switch游戏\个人汉化\clannad\汉化工作\05_build\CLANNAD_CHS_LayeredFS_v1.0.7_fix8.zip	D:\switch游戏\个人汉化\clannad\汉化工作\06_release\CLANNAD_CHS_LayeredFS_v1.0.7_fix8.zip
MOVE	D:\switch游戏\个人汉化\clannad\汉化工作\05_build\FINAL_RELEASE_QA_fix8.json	D:\switch游戏\个人汉化\clannad\汉化工作\06_release\FINAL_RELEASE_QA_fix8.json
MOVE	D:\switch游戏\个人汉化\clannad\汉化工作\05_build\CLANNAD_CHS_LayeredFS_v1.0.7	D:\switch游戏\个人汉化\clannad\汉化工作\07_archive\old_releases\CLANNAD_CHS_LayeredFS_v1.0.7
MOVE	D:\switch游戏\个人汉化\clannad\汉化工作\05_build\CLANNAD_CHS_LayeredFS_v1.0.7_fix1	D:\switch游戏\个人汉化\clannad\汉化工作\07_archive\old_releases\CLANNAD_CHS_LayeredFS_v1.0.7_fix1
MOVE	D:\switch游戏\个人汉化\clannad\汉化工作\05_build\CLANNAD_CHS_LayeredFS_v1.0.7_fix2	D:\switch游戏\个人汉化\clannad\汉化工作\07_archive\old_releases\CLANNAD_CHS_LayeredFS_v1.0.7_fix2
MOVE	D:\switch游戏\个人汉化\clannad\汉化工作\05_build\CLANNAD_CHS_LayeredFS_v1.0.7_fix3	D:\switch游戏\个人汉化\clannad\汉化工作\07_archive\old_releases\CLANNAD_CHS_LayeredFS_v1.0.7_fix3
MOVE	D:\switch游戏\个人汉化\clannad\汉化工作\05_build\CLANNAD_CHS_LayeredFS_v1.0.7_fix4	D:\switch游戏\个人汉化\clannad\汉化工作\07_archive\old_releases\CLANNAD_CHS_LayeredFS_v1.0.7_fix4
MOVE	D:\switch游戏\个人汉化\clannad\汉化工作\05_build\CLANNAD_CHS_LayeredFS_v1.0.7_fix5	D:\switch游戏\个人汉化\clannad\汉化工作\07_archive\old_releases\CLANNAD_CHS_LayeredFS_v1.0.7_fix5
MOVE	D:\switch游戏\个人汉化\clannad\汉化工作\05_build\CLANNAD_CHS_LayeredFS_v1.0.7_fix6	D:\switch游戏\个人汉化\clannad\汉化工作\07_archive\old_releases\CLANNAD_CHS_LayeredFS_v1.0.7_fix6
MOVE	D:\switch游戏\个人汉化\clannad\汉化工作\05_build\CLANNAD_CHS_LayeredFS_v1.0.7_fix7	D:\switch游戏\个人汉化\clannad\汉化工作\07_archive\old_releases\CLANNAD_CHS_LayeredFS_v1.0.7_fix7
MOVE	D:\switch游戏\个人汉化\clannad\汉化工作\05_build\CLANNAD_CHS_LayeredFS_v1.0.7.zip	D:\switch游戏\个人汉化\clannad\汉化工作\07_archive\old_releases\CLANNAD_CHS_LayeredFS_v1.0.7.zip
MOVE	D:\switch游戏\个人汉化\clannad\汉化工作\05_build\CLANNAD_CHS_LayeredFS_v1.0.7_fix1.zip	D:\switch游戏\个人汉化\clannad\汉化工作\07_archive\old_releases\CLANNAD_CHS_LayeredFS_v1.0.7_fix1.zip
MOVE	D:\switch游戏\个人汉化\clannad\汉化工作\05_build\CLANNAD_CHS_LayeredFS_v1.0.7_fix2.zip	D:\switch游戏\个人汉化\clannad\汉化工作\07_archive\old_releases\CLANNAD_CHS_LayeredFS_v1.0.7_fix2.zip
MOVE	D:\switch游戏\个人汉化\clannad\汉化工作\05_build\CLANNAD_CHS_LayeredFS_v1.0.7_fix3.zip	D:\switch游戏\个人汉化\clannad\汉化工作\07_archive\old_releases\CLANNAD_CHS_LayeredFS_v1.0.7_fix3.zip
MOVE	D:\switch游戏\个人汉化\clannad\汉化工作\05_build\CLANNAD_CHS_LayeredFS_v1.0.7_fix4.zip	D:\switch游戏\个人汉化\clannad\汉化工作\07_archive\old_releases\CLANNAD_CHS_LayeredFS_v1.0.7_fix4.zip
MOVE	D:\switch游戏\个人汉化\clannad\汉化工作\05_build\CLANNAD_CHS_LayeredFS_v1.0.7_fix5.zip	D:\switch游戏\个人汉化\clannad\汉化工作\07_archive\old_releases\CLANNAD_CHS_LayeredFS_v1.0.7_fix5.zip
MOVE	D:\switch游戏\个人汉化\clannad\汉化工作\05_build\CLANNAD_CHS_LayeredFS_v1.0.7_fix6.zip	D:\switch游戏\个人汉化\clannad\汉化工作\07_archive\old_releases\CLANNAD_CHS_LayeredFS_v1.0.7_fix6.zip
MOVE	D:\switch游戏\个人汉化\clannad\汉化工作\05_build\CLANNAD_CHS_LayeredFS_v1.0.7_fix7.zip	D:\switch游戏\个人汉化\clannad\汉化工作\07_archive\old_releases\CLANNAD_CHS_LayeredFS_v1.0.7_fix7.zip
MOVE	D:\switch游戏\个人汉化\clannad\汉化工作\05_build\FINAL_QA_SUMMARY.json	D:\switch游戏\个人汉化\clannad\汉化工作\07_archive\old_releases\FINAL_QA_SUMMARY.json
MOVE	D:\switch游戏\个人汉化\clannad\汉化工作\05_build\FINAL_QA_SUMMARY_fix1.json	D:\switch游戏\个人汉化\clannad\汉化工作\07_archive\old_releases\FINAL_QA_SUMMARY_fix1.json
MOVE	D:\switch游戏\个人汉化\clannad\汉化工作\05_build\FINAL_QA_SUMMARY_fix2.json	D:\switch游戏\个人汉化\clannad\汉化工作\07_archive\old_releases\FINAL_QA_SUMMARY_fix2.json
MOVE	D:\switch游戏\个人汉化\clannad\汉化工作\05_build\FINAL_RELEASE_QA_fix3.json	D:\switch游戏\个人汉化\clannad\汉化工作\07_archive\old_releases\FINAL_RELEASE_QA_fix3.json
MOVE	D:\switch游戏\个人汉化\clannad\汉化工作\05_build\FINAL_RELEASE_QA_fix4.json	D:\switch游戏\个人汉化\clannad\汉化工作\07_archive\old_releases\FINAL_RELEASE_QA_fix4.json
MOVE	D:\switch游戏\个人汉化\clannad\汉化工作\05_build\FINAL_RELEASE_QA_fix5.json	D:\switch游戏\个人汉化\clannad\汉化工作\07_archive\old_releases\FINAL_RELEASE_QA_fix5.json
MOVE	D:\switch游戏\个人汉化\clannad\汉化工作\05_build\FINAL_RELEASE_QA_fix6.json	D:\switch游戏\个人汉化\clannad\汉化工作\07_archive\old_releases\FINAL_RELEASE_QA_fix6.json
MOVE	D:\switch游戏\个人汉化\clannad\汉化工作\05_build\FINAL_RELEASE_QA_fix7.json	D:\switch游戏\个人汉化\clannad\汉化工作\07_archive\old_releases\FINAL_RELEASE_QA_fix7.json
MOVE	D:\switch游戏\个人汉化\clannad\汉化工作\05_build\button_fullscan_fix6	D:\switch游戏\个人汉化\clannad\汉化工作\07_archive\build_probes\button_fullscan_fix6
MOVE	D:\switch游戏\个人汉化\clannad\汉化工作\05_build\button_global_probe_fix6	D:\switch游戏\个人汉化\clannad\汉化工作\07_archive\build_probes\button_global_probe_fix6
MOVE	D:\switch游戏\个人汉化\clannad\汉化工作\05_build\button_probe_fix5	D:\switch游戏\个人汉化\clannad\汉化工作\07_archive\build_probes\button_probe_fix5
MOVE	D:\switch游戏\个人汉化\clannad\汉化工作\05_build\config_alpha_probe	D:\switch游戏\个人汉化\clannad\汉化工作\07_archive\build_probes\config_alpha_probe
MOVE	D:\switch游戏\个人汉化\clannad\汉化工作\05_build\config_focus_png	D:\switch游戏\个人汉化\clannad\汉化工作\07_archive\build_probes\config_focus_png
MOVE	D:\switch游戏\个人汉化\clannad\汉化工作\05_build\config_layers_fix4_probe	D:\switch游戏\个人汉化\clannad\汉化工作\07_archive\build_probes\config_layers_fix4_probe
MOVE	D:\switch游戏\个人汉化\clannad\汉化工作\05_build\config_probe_png	D:\switch游戏\个人汉化\clannad\汉化工作\07_archive\build_probes\config_probe_png
MOVE	D:\switch游戏\个人汉化\clannad\汉化工作\05_build\font_probe	D:\switch游戏\个人汉化\clannad\汉化工作\07_archive\build_probes\font_probe
MOVE	D:\switch游戏\个人汉化\clannad\汉化工作\05_build\font_roundtrip_probe	D:\switch游戏\个人汉化\clannad\汉化工作\07_archive\build_probes\font_roundtrip_probe
MOVE	D:\switch游戏\个人汉化\clannad\汉化工作\05_build\font_single_probe	D:\switch游戏\个人汉化\clannad\汉化工作\07_archive\build_probes\font_single_probe
MOVE	D:\switch游戏\个人汉化\clannad\汉化工作\05_build\font_style_probe	D:\switch游戏\个人汉化\clannad\汉化工作\07_archive\build_probes\font_style_probe
MOVE	D:\switch游戏\个人汉化\clannad\汉化工作\05_build\menu_probe_png	D:\switch游戏\个人汉化\clannad\汉化工作\07_archive\build_probes\menu_probe_png
MOVE	D:\switch游戏\个人汉化\clannad\汉化工作\05_build\othcg_button_probe_fix6	D:\switch游戏\个人汉化\clannad\汉化工作\07_archive\build_probes\othcg_button_probe_fix6
MOVE	D:\switch游戏\个人汉化\clannad\汉化工作\05_build\othcg_chs_png	D:\switch游戏\个人汉化\clannad\汉化工作\07_archive\build_probes\othcg_chs_png
MOVE	D:\switch游戏\个人汉化\clannad\汉化工作\05_build\othcg_jp_reps_png	D:\switch游戏\个人汉化\clannad\汉化工作\07_archive\build_probes\othcg_jp_reps_png
MOVE	D:\switch游戏\个人汉化\clannad\汉化工作\05_build\othcg_reps_png	D:\switch游戏\个人汉化\clannad\汉化工作\07_archive\build_probes\othcg_reps_png
MOVE	D:\switch游戏\个人汉化\clannad\汉化工作\05_build\pc_ui_orig_png	D:\switch游戏\个人汉化\clannad\汉化工作\07_archive\build_probes\pc_ui_orig_png
MOVE	D:\switch游戏\个人汉化\clannad\汉化工作\05_build\pc_ui_zh_png	D:\switch游戏\个人汉化\clannad\汉化工作\07_archive\build_probes\pc_ui_zh_png
MOVE	D:\switch游戏\个人汉化\clannad\汉化工作\05_build\start_settings_fix_png	D:\switch游戏\个人汉化\clannad\汉化工作\07_archive\build_probes\start_settings_fix_png
MOVE	D:\switch游戏\个人汉化\clannad\汉化工作\05_build\start_settings_verify_png	D:\switch游戏\个人汉化\clannad\汉化工作\07_archive\build_probes\start_settings_verify_png
MOVE	D:\switch游戏\个人汉化\clannad\汉化工作\05_build\syscg2_probe	D:\switch游戏\个人汉化\clannad\汉化工作\07_archive\build_probes\syscg2_probe
MOVE	D:\switch游戏\个人汉化\clannad\汉化工作\05_build\title_channel_probe_v76	D:\switch游戏\个人汉化\clannad\汉化工作\07_archive\build_probes\title_channel_probe_v76
MOVE	D:\switch游戏\个人汉化\clannad\汉化工作\05_build\title_state_probe	D:\switch游戏\个人汉化\clannad\汉化工作\07_archive\build_probes\title_state_probe
MOVE	D:\switch游戏\个人汉化\clannad\汉化工作\05_build\ui_cz_verify_png	D:\switch游戏\个人汉化\clannad\汉化工作\07_archive\build_probes\ui_cz_verify_png
MOVE	D:\switch游戏\个人汉化\clannad\汉化工作\05_build\ui_fix3_channel_probe	D:\switch游戏\个人汉化\clannad\汉化工作\07_archive\build_probes\ui_fix3_channel_probe
MOVE	D:\switch游戏\个人汉化\clannad\汉化工作\05_build\ui_fullscan_png	D:\switch游戏\个人汉化\clannad\汉化工作\07_archive\build_probes\ui_fullscan_png
MOVE	D:\switch游戏\个人汉化\clannad\汉化工作\05_build\ui_png_en	D:\switch游戏\个人汉化\clannad\汉化工作\07_archive\build_probes\ui_png_en
MOVE	D:\switch游戏\个人汉化\clannad\汉化工作\05_build\ui_png_jp	D:\switch游戏\个人汉化\clannad\汉化工作\07_archive\build_probes\ui_png_jp
MOVE	D:\switch游戏\个人汉化\clannad\汉化工作\05_build\ui_png_zh_v2	D:\switch游戏\个人汉化\clannad\汉化工作\07_archive\build_probes\ui_png_zh_v2
MOVE	D:\switch游戏\个人汉化\clannad\汉化工作\05_build\ui_png_zh_v3	D:\switch游戏\个人汉化\clannad\汉化工作\07_archive\build_probes\ui_png_zh_v3
MOVE	D:\switch游戏\个人汉化\clannad\汉化工作\05_build\ui_png_zh_v4	D:\switch游戏\个人汉化\clannad\汉化工作\07_archive\build_probes\ui_png_zh_v4
MOVE	D:\switch游戏\个人汉化\clannad\汉化工作\05_build\ui_png_zh_v5	D:\switch游戏\个人汉化\clannad\汉化工作\07_archive\build_probes\ui_png_zh_v5
MOVE	D:\switch游戏\个人汉化\clannad\汉化工作\05_build\button_global_probe_fix6_ocr.json	D:\switch游戏\个人汉化\clannad\汉化工作\07_archive\build_probes\button_global_probe_fix6_ocr.json
MOVE	D:\switch游戏\个人汉化\clannad\汉化工作\05_build\button_probe_fix5_ocr.json	D:\switch游戏\个人汉化\clannad\汉化工作\07_archive\build_probes\button_probe_fix5_ocr.json
MOVE	D:\switch游戏\个人汉化\clannad\汉化工作\05_build\font_baseline_probe.png	D:\switch游戏\个人汉化\clannad\汉化工作\07_archive\build_probes\font_baseline_probe.png
MOVE	D:\switch游戏\个人汉化\clannad\汉化工作\05_build\font_patched_probe.png	D:\switch游戏\个人汉化\clannad\汉化工作\07_archive\build_probes\font_patched_probe.png
MOVE	D:\switch游戏\个人汉化\clannad\汉化工作\05_build\g00_probe_KTC01_01.png	D:\switch游戏\个人汉化\clannad\汉化工作\07_archive\build_probes\g00_probe_KTC01_01.png
MOVE	D:\switch游戏\个人汉化\clannad\汉化工作\05_build\othcg_button_probe_fix6.json	D:\switch游戏\个人汉化\clannad\汉化工作\07_archive\build_probes\othcg_button_probe_fix6.json
MOVE	D:\switch游戏\个人汉化\clannad\汉化工作\05_build\othcg_ocr.log	D:\switch游戏\个人汉化\clannad\汉化工作\07_archive\build_probes\othcg_ocr.log
MOVE	D:\switch游戏\个人汉化\clannad\汉化工作\05_build\paddle_install.log	D:\switch游戏\个人汉化\clannad\汉化工作\07_archive\build_probes\paddle_install.log
MOVE	D:\switch游戏\个人汉化\clannad\汉化工作\05_build\title_channel_ocr_v76.tsv	D:\switch游戏\个人汉化\clannad\汉化工作\07_archive\build_probes\title_channel_ocr_v76.tsv
MOVE	D:\switch游戏\个人汉化\clannad\汉化工作\05_build\title_final_alpha_probe_v80.png	D:\switch游戏\个人汉化\clannad\汉化工作\07_archive\build_probes\title_final_alpha_probe_v80.png
MOVE	D:\switch游戏\个人汉化\clannad\汉化工作\05_build\title_fix3_probe.png	D:\switch游戏\个人汉化\clannad\汉化工作\07_archive\build_probes\title_fix3_probe.png
MOVE	D:\switch游戏\个人汉化\clannad\汉化工作\05_build\title_state_alignment_fix4_probe.json	D:\switch游戏\个人汉化\clannad\汉化工作\07_archive\build_probes\title_state_alignment_fix4_probe.json
MOVE	D:\switch游戏\个人汉化\clannad\汉化工作\05_build\ui_fullscan_english.tsv	D:\switch游戏\个人汉化\clannad\汉化工作\07_archive\build_probes\ui_fullscan_english.tsv
MOVE	D:\switch游戏\个人汉化\clannad\汉化工作\05_build\ui_residual_ocr.log	D:\switch游戏\个人汉化\clannad\汉化工作\07_archive\build_probes\ui_residual_ocr.log
MOVE	D:\switch游戏\个人汉化\clannad\汉化工作\04_scripts\audit_english_assets_fix5_v4.py	D:\switch游戏\个人汉化\clannad\汉化工作\07_archive\scripts_analysis\audit_english_assets_fix5_v4.py
MOVE	D:\switch游戏\个人汉化\clannad\汉化工作\04_scripts\audit_font_coverage_v1.py	D:\switch游戏\个人汉化\clannad\汉化工作\07_archive\scripts_analysis\audit_font_coverage_v1.py
MOVE	D:\switch游戏\个人汉化\clannad\汉化工作\04_scripts\audit_keyword_title_lengths_fix6_v3.py	D:\switch游戏\个人汉化\clannad\汉化工作\07_archive\scripts_analysis\audit_keyword_title_lengths_fix6_v3.py
MOVE	D:\switch游戏\个人汉化\clannad\汉化工作\04_scripts\audit_manual_speakers_v11.py	D:\switch游戏\个人汉化\clannad\汉化工作\07_archive\scripts_analysis\audit_manual_speakers_v11.py
MOVE	D:\switch游戏\个人汉化\clannad\汉化工作\04_scripts\audit_name_defaults_fix7_v3.py	D:\switch游戏\个人汉化\clannad\汉化工作\07_archive\scripts_analysis\audit_name_defaults_fix7_v3.py
MOVE	D:\switch游戏\个人汉化\clannad\汉化工作\04_scripts\audit_name_language_reads_fix8_v17.py	D:\switch游戏\个人汉化\clannad\汉化工作\07_archive\scripts_analysis\audit_name_language_reads_fix8_v17.py
MOVE	D:\switch游戏\个人汉化\clannad\汉化工作\04_scripts\audit_protagonist_name_slots_fix7_v2.py	D:\switch游戏\个人汉化\clannad\汉化工作\07_archive\scripts_analysis\audit_protagonist_name_slots_fix7_v2.py
MOVE	D:\switch游戏\个人汉化\clannad\汉化工作\04_scripts\confirm_text_name_getter_fix8_v16.py	D:\switch游戏\个人汉化\clannad\汉化工作\07_archive\scripts_analysis\confirm_text_name_getter_fix8_v16.py
MOVE	D:\switch游戏\个人汉化\clannad\汉化工作\04_scripts\derive_fix8_release_scripts.py	D:\switch游戏\个人汉化\clannad\汉化工作\07_archive\scripts_analysis\derive_fix8_release_scripts.py
MOVE	D:\switch游戏\个人汉化\clannad\汉化工作\04_scripts\detect_pc_seen2417_encoding_fix8_v3.py	D:\switch游戏\个人汉化\clannad\汉化工作\07_archive\scripts_analysis\detect_pc_seen2417_encoding_fix8_v3.py
MOVE	D:\switch游戏\个人汉化\clannad\汉化工作\04_scripts\detect_ui_lang_pointer_groups_v51.py	D:\switch游戏\个人汉化\clannad\汉化工作\07_archive\scripts_analysis\detect_ui_lang_pointer_groups_v51.py
MOVE	D:\switch游戏\个人汉化\clannad\汉化工作\04_scripts\dump_button_ocr_boxes_fix5_v13.py	D:\switch游戏\个人汉化\clannad\汉化工作\07_archive\scripts_analysis\dump_button_ocr_boxes_fix5_v13.py
MOVE	D:\switch游戏\个人汉化\clannad\汉化工作\04_scripts\dump_button_ocr_boxes_fix5_v14.py	D:\switch游戏\个人汉化\clannad\汉化工作\07_archive\scripts_analysis\dump_button_ocr_boxes_fix5_v14.py
MOVE	D:\switch游戏\个人汉化\clannad\汉化工作\04_scripts\dump_class_vtables_fix3_v21.py	D:\switch游戏\个人汉化\clannad\汉化工作\07_archive\scripts_analysis\dump_class_vtables_fix3_v21.py
MOVE	D:\switch游戏\个人汉化\clannad\汉化工作\04_scripts\dump_config_helpers_fix3_v8.py	D:\switch游戏\个人汉化\clannad\汉化工作\07_archive\scripts_analysis\dump_config_helpers_fix3_v8.py
MOVE	D:\switch游戏\个人汉化\clannad\汉化工作\04_scripts\dump_config_lang_tables_v52.py	D:\switch游戏\个人汉化\clannad\汉化工作\07_archive\scripts_analysis\dump_config_lang_tables_v52.py
MOVE	D:\switch游戏\个人汉化\clannad\汉化工作\04_scripts\dump_dangopedia_runtime_fix6_v3.py	D:\switch游戏\个人汉化\clannad\汉化工作\07_archive\scripts_analysis\dump_dangopedia_runtime_fix6_v3.py
MOVE	D:\switch游戏\个人汉化\clannad\汉化工作\04_scripts\dump_keyword_01_30_fix5_v12.py	D:\switch游戏\个人汉化\clannad\汉化工作\07_archive\scripts_analysis\dump_keyword_01_30_fix5_v12.py
MOVE	D:\switch游戏\个人汉化\clannad\汉化工作\04_scripts\dump_keyword_31_71_fix5_v11.py	D:\switch游戏\个人汉化\clannad\汉化工作\07_archive\scripts_analysis\dump_keyword_31_71_fix5_v11.py
MOVE	D:\switch游戏\个人汉化\clannad\汉化工作\04_scripts\dump_keyword_u16_fix5_v3.py	D:\switch游戏\个人汉化\clannad\汉化工作\07_archive\scripts_analysis\dump_keyword_u16_fix5_v3.py
MOVE	D:\switch游戏\个人汉化\clannad\汉化工作\04_scripts\dump_likely_name_getters_fix8_v14.py	D:\switch游戏\个人汉化\clannad\汉化工作\07_archive\scripts_analysis\dump_likely_name_getters_fix8_v14.py
MOVE	D:\switch游戏\个人汉化\clannad\汉化工作\04_scripts\dump_localization_init_v48.py	D:\switch游戏\个人汉化\clannad\汉化工作\07_archive\scripts_analysis\dump_localization_init_v48.py
MOVE	D:\switch游戏\个人汉化\clannad\汉化工作\04_scripts\dump_main_ui_cjk_runs_v28.py	D:\switch游戏\个人汉化\clannad\汉化工作\07_archive\scripts_analysis\dump_main_ui_cjk_runs_v28.py
MOVE	D:\switch游戏\个人汉化\clannad\汉化工作\04_scripts\dump_nameedit_toggle_fix3_v16.py	D:\switch游戏\个人汉化\clannad\汉化工作\07_archive\scripts_analysis\dump_nameedit_toggle_fix3_v16.py
MOVE	D:\switch游戏\个人汉化\clannad\汉化工作\04_scripts\dump_name_default_logic_fix8_v10.py	D:\switch游戏\个人汉化\clannad\汉化工作\07_archive\scripts_analysis\dump_name_default_logic_fix8_v10.py
MOVE	D:\switch游戏\个人汉化\clannad\汉化工作\04_scripts\dump_name_getters_callers_fix8_v13.py	D:\switch游戏\个人汉化\clannad\汉化工作\07_archive\scripts_analysis\dump_name_getters_callers_fix8_v13.py
MOVE	D:\switch游戏\个人汉化\clannad\汉化工作\04_scripts\dump_name_rodata_cluster_fix7_v4.py	D:\switch游戏\个人汉化\clannad\汉化工作\07_archive\scripts_analysis\dump_name_rodata_cluster_fix7_v4.py
MOVE	D:\switch游戏\个人汉化\clannad\汉化工作\04_scripts\dump_name_runtime_funcs_fix8_v6.py	D:\switch游戏\个人汉化\clannad\汉化工作\07_archive\scripts_analysis\dump_name_runtime_funcs_fix8_v6.py
MOVE	D:\switch游戏\个人汉化\clannad\汉化工作\04_scripts\dump_pak_header_words_v13.py	D:\switch游戏\个人汉化\clannad\汉化工作\07_archive\scripts_analysis\dump_pak_header_words_v13.py
MOVE	D:\switch游戏\个人汉化\clannad\汉化工作\04_scripts\dump_rejected_forced_all.py	D:\switch游戏\个人汉化\clannad\汉化工作\07_archive\scripts_analysis\dump_rejected_forced_all.py
MOVE	D:\switch游戏\个人汉化\clannad\汉化工作\04_scripts\dump_short_button_groups_fix6_v9.py	D:\switch游戏\个人汉化\clannad\汉化工作\07_archive\scripts_analysis\dump_short_button_groups_fix6_v9.py
MOVE	D:\switch游戏\个人汉化\clannad\汉化工作\04_scripts\dump_talkname_seen2417_fix8_v2.py	D:\switch游戏\个人汉化\clannad\汉化工作\07_archive\scripts_analysis\dump_talkname_seen2417_fix8_v2.py
MOVE	D:\switch游戏\个人汉化\clannad\汉化工作\04_scripts\dump_title_menu_core_v56.py	D:\switch游戏\个人汉化\clannad\汉化工作\07_archive\scripts_analysis\dump_title_menu_core_v56.py
MOVE	D:\switch游戏\个人汉化\clannad\汉化工作\04_scripts\dump_title_subvtables_fix3_v24.py	D:\switch游戏\个人汉化\clannad\汉化工作\07_archive\scripts_analysis\dump_title_subvtables_fix3_v24.py
MOVE	D:\switch游戏\个人汉化\clannad\汉化工作\04_scripts\dump_title_text_chain_fix3_v28.py	D:\switch游戏\个人汉化\clannad\汉化工作\07_archive\scripts_analysis\dump_title_text_chain_fix3_v28.py
MOVE	D:\switch游戏\个人汉化\clannad\汉化工作\04_scripts\dump_title_vfuncs_fix3_v22.py	D:\switch游戏\个人汉化\clannad\汉化工作\07_archive\scripts_analysis\dump_title_vfuncs_fix3_v22.py
MOVE	D:\switch游戏\个人汉化\clannad\汉化工作\04_scripts\focus_name_slot_selectors_fix8_v12.py	D:\switch游戏\个人汉化\clannad\汉化工作\07_archive\scripts_analysis\focus_name_slot_selectors_fix8_v12.py
MOVE	D:\switch游戏\个人汉化\clannad\汉化工作\04_scripts\inspect_148_v70.py	D:\switch游戏\个人汉化\clannad\汉化工作\07_archive\scripts_analysis\inspect_148_v70.py
MOVE	D:\switch游戏\个人汉化\clannad\汉化工作\04_scripts\inspect_178e_lang_v75.py	D:\switch游戏\个人汉化\clannad\汉化工作\07_archive\scripts_analysis\inspect_178e_lang_v75.py
MOVE	D:\switch游戏\个人汉化\clannad\汉化工作\04_scripts\inspect_button_lang_groups_fix6_v7.py	D:\switch游戏\个人汉化\clannad\汉化工作\07_archive\scripts_analysis\inspect_button_lang_groups_fix6_v7.py
MOVE	D:\switch游戏\个人汉化\clannad\汉化工作\04_scripts\inspect_config_helpers_v53.py	D:\switch游戏\个人汉化\clannad\汉化工作\07_archive\scripts_analysis\inspect_config_helpers_v53.py
MOVE	D:\switch游戏\个人汉化\clannad\汉化工作\04_scripts\inspect_config_label_groups_fix3_v20.py	D:\switch游戏\个人汉化\clannad\汉化工作\07_archive\scripts_analysis\inspect_config_label_groups_fix3_v20.py
MOVE	D:\switch游戏\个人汉化\clannad\汉化工作\04_scripts\inspect_config_multilang_strings_fix3_v9.py	D:\switch游戏\个人汉化\clannad\汉化工作\07_archive\scripts_analysis\inspect_config_multilang_strings_fix3_v9.py
MOVE	D:\switch游戏\个人汉化\clannad\汉化工作\04_scripts\inspect_config_string_groups_fix3_v21.py	D:\switch游戏\个人汉化\clannad\汉化工作\07_archive\scripts_analysis\inspect_config_string_groups_fix3_v21.py
MOVE	D:\switch游戏\个人汉化\clannad\汉化工作\04_scripts\inspect_cz2_codes.py	D:\switch游戏\个人汉化\clannad\汉化工作\07_archive\scripts_analysis\inspect_cz2_codes.py
MOVE	D:\switch游戏\个人汉化\clannad\汉化工作\04_scripts\inspect_cz2_reset_points.py	D:\switch游戏\个人汉化\clannad\汉化工作\07_archive\scripts_analysis\inspect_cz2_reset_points.py
MOVE	D:\switch游戏\个人汉化\clannad\汉化工作\04_scripts\inspect_exact_config_hits_v5.py	D:\switch游戏\个人汉化\clannad\汉化工作\07_archive\scripts_analysis\inspect_exact_config_hits_v5.py
MOVE	D:\switch游戏\个人汉化\clannad\汉化工作\04_scripts\inspect_fix1_zip_v87.py	D:\switch游戏\个人汉化\clannad\汉化工作\07_archive\scripts_analysis\inspect_fix1_zip_v87.py
MOVE	D:\switch游戏\个人汉化\clannad\汉化工作\04_scripts\inspect_fix3_pool_fix6_v17.py	D:\switch游戏\个人汉化\clannad\汉化工作\07_archive\scripts_analysis\inspect_fix3_pool_fix6_v17.py
MOVE	D:\switch游戏\个人汉化\clannad\汉化工作\04_scripts\inspect_font_files_headers.py	D:\switch游戏\个人汉化\clannad\汉化工作\07_archive\scripts_analysis\inspect_font_files_headers.py
MOVE	D:\switch游戏\个人汉化\clannad\汉化工作\04_scripts\inspect_font_palette.py	D:\switch游戏\个人汉化\clannad\汉化工作\07_archive\scripts_analysis\inspect_font_palette.py
MOVE	D:\switch游戏\个人汉化\clannad\汉化工作\04_scripts\inspect_helpers_v49.py	D:\switch游戏\个人汉化\clannad\汉化工作\07_archive\scripts_analysis\inspect_helpers_v49.py
MOVE	D:\switch游戏\个人汉化\clannad\汉化工作\04_scripts\inspect_json_and_inventory.py	D:\switch游戏\个人汉化\clannad\汉化工作\07_archive\scripts_analysis\inspect_json_and_inventory.py
MOVE	D:\switch游戏\个人汉化\clannad\汉化工作\04_scripts\inspect_keyword_fix5_v1.py	D:\switch游戏\个人汉化\clannad\汉化工作\07_archive\scripts_analysis\inspect_keyword_fix5_v1.py
MOVE	D:\switch游戏\个人汉化\clannad\汉化工作\04_scripts\inspect_keyword_fix5_v2.py	D:\switch游戏\个人汉化\clannad\汉化工作\07_archive\scripts_analysis\inspect_keyword_fix5_v2.py
MOVE	D:\switch游戏\个人汉化\clannad\汉化工作\04_scripts\inspect_language_availability_fix3_v12.py	D:\switch游戏\个人汉化\clannad\汉化工作\07_archive\scripts_analysis\inspect_language_availability_fix3_v12.py
MOVE	D:\switch游戏\个人汉化\clannad\汉化工作\04_scripts\inspect_language_field_context_fix3_v11.py	D:\switch游戏\个人汉化\clannad\汉化工作\07_archive\scripts_analysis\inspect_language_field_context_fix3_v11.py
MOVE	D:\switch游戏\个人汉化\clannad\汉化工作\04_scripts\inspect_lang_normalize_fix3_v16.py	D:\switch游戏\个人汉化\clannad\汉化工作\07_archive\scripts_analysis\inspect_lang_normalize_fix3_v16.py
MOVE	D:\switch游戏\个人汉化\clannad\汉化工作\04_scripts\inspect_main_language_codes_v34.py	D:\switch游戏\个人汉化\clannad\汉化工作\07_archive\scripts_analysis\inspect_main_language_codes_v34.py
MOVE	D:\switch游戏\个人汉化\clannad\汉化工作\04_scripts\inspect_main_ui_cluster_v26.py	D:\switch游戏\个人汉化\clannad\汉化工作\07_archive\scripts_analysis\inspect_main_ui_cluster_v26.py
MOVE	D:\switch游戏\个人汉化\clannad\汉化工作\04_scripts\inspect_manual_edge_contexts.py	D:\switch游戏\个人汉化\clannad\汉化工作\07_archive\scripts_analysis\inspect_manual_edge_contexts.py
MOVE	D:\switch游戏\个人汉化\clannad\汉化工作\04_scripts\inspect_mismatched_selects.py	D:\switch游戏\个人汉化\clannad\汉化工作\07_archive\scripts_analysis\inspect_mismatched_selects.py
MOVE	D:\switch游戏\个人汉化\clannad\汉化工作\04_scripts\inspect_nameedit_lang_reads_fix8_v18.py	D:\switch游戏\个人汉化\clannad\汉化工作\07_archive\scripts_analysis\inspect_nameedit_lang_reads_fix8_v18.py
MOVE	D:\switch游戏\个人汉化\clannad\汉化工作\04_scripts\inspect_nso_header_v35.py	D:\switch游戏\个人汉化\clannad\汉化工作\07_archive\scripts_analysis\inspect_nso_header_v35.py
MOVE	D:\switch游戏\个人汉化\clannad\汉化工作\04_scripts\inspect_parts2_roundtrip_v23.py	D:\switch游戏\个人汉化\clannad\汉化工作\07_archive\scripts_analysis\inspect_parts2_roundtrip_v23.py
MOVE	D:\switch游戏\个人汉化\clannad\汉化工作\04_scripts\inspect_pc_zh_repr.py	D:\switch游戏\个人汉化\clannad\汉化工作\07_archive\scripts_analysis\inspect_pc_zh_repr.py
MOVE	D:\switch游戏\个人汉化\clannad\汉化工作\04_scripts\inspect_rldev_metadata.py	D:\switch游戏\个人汉化\clannad\汉化工作\07_archive\scripts_analysis\inspect_rldev_metadata.py
MOVE	D:\switch游戏\个人汉化\clannad\汉化工作\04_scripts\inspect_rtti_structs_fix3_v20.py	D:\switch游戏\个人汉化\clannad\汉化工作\07_archive\scripts_analysis\inspect_rtti_structs_fix3_v20.py
MOVE	D:\switch游戏\个人汉化\clannad\汉化工作\04_scripts\inspect_seen2417_name_opcode_fix8_v1.py	D:\switch游戏\个人汉化\clannad\汉化工作\07_archive\scripts_analysis\inspect_seen2417_name_opcode_fix8_v1.py
MOVE	D:\switch游戏\个人汉化\clannad\汉化工作\04_scripts\inspect_select_types_and_names.py	D:\switch游戏\个人汉化\clannad\汉化工作\07_archive\scripts_analysis\inspect_select_types_and_names.py
MOVE	D:\switch游戏\个人汉化\clannad\汉化工作\04_scripts\inspect_task_refs_fix3_v6.py	D:\switch游戏\个人汉化\clannad\汉化工作\07_archive\scripts_analysis\inspect_task_refs_fix3_v6.py
MOVE	D:\switch游戏\个人汉化\clannad\汉化工作\04_scripts\inspect_textapi_v66.py	D:\switch游戏\个人汉化\clannad\汉化工作\07_archive\scripts_analysis\inspect_textapi_v66.py
MOVE	D:\switch游戏\个人汉化\clannad\汉化工作\04_scripts\inspect_text_head_fix3_v13.py	D:\switch游戏\个人汉化\clannad\汉化工作\07_archive\scripts_analysis\inspect_text_head_fix3_v13.py
MOVE	D:\switch游戏\个人汉化\clannad\汉化工作\04_scripts\inspect_title_data_v47.py	D:\switch游戏\个人汉化\clannad\汉化工作\07_archive\scripts_analysis\inspect_title_data_v47.py
MOVE	D:\switch游戏\个人汉化\clannad\汉化工作\04_scripts\inspect_title_draw_v63.py	D:\switch游戏\个人汉化\clannad\汉化工作\07_archive\scripts_analysis\inspect_title_draw_v63.py
MOVE	D:\switch游戏\个人汉化\clannad\汉化工作\04_scripts\inspect_title_label_v57.py	D:\switch游戏\个人汉化\clannad\汉化工作\07_archive\scripts_analysis\inspect_title_label_v57.py
MOVE	D:\switch游戏\个人汉化\clannad\汉化工作\04_scripts\inspect_title_png_dims_v61.py	D:\switch游戏\个人汉化\clannad\汉化工作\07_archive\scripts_analysis\inspect_title_png_dims_v61.py
MOVE	D:\switch游戏\个人汉化\clannad\汉化工作\04_scripts\inspect_title_rodata_strings_fix3_v30.py	D:\switch游戏\个人汉化\clannad\汉化工作\07_archive\scripts_analysis\inspect_title_rodata_strings_fix3_v30.py
MOVE	D:\switch游戏\个人汉化\clannad\汉化工作\04_scripts\inspect_title_rtti_v45.py	D:\switch游戏\个人汉化\clannad\汉化工作\07_archive\scripts_analysis\inspect_title_rtti_v45.py
MOVE	D:\switch游戏\个人汉化\clannad\汉化工作\04_scripts\inspect_title_subclass_funcs_v55.py	D:\switch游戏\个人汉化\clannad\汉化工作\07_archive\scripts_analysis\inspect_title_subclass_funcs_v55.py
MOVE	D:\switch游戏\个人汉化\clannad\汉化工作\04_scripts\inspect_title_vtables_v46.py	D:\switch游戏\个人汉化\clannad\汉化工作\07_archive\scripts_analysis\inspect_title_vtables_v46.py
MOVE	D:\switch游戏\个人汉化\clannad\汉化工作\04_scripts\inspect_varstr.py	D:\switch游戏\个人汉化\clannad\汉化工作\07_archive\scripts_analysis\inspect_varstr.py
MOVE	D:\switch游戏\个人汉化\clannad\汉化工作\04_scripts\inspect_varstr_encodings_v1.py	D:\switch游戏\个人汉化\clannad\汉化工作\07_archive\scripts_analysis\inspect_varstr_encodings_v1.py
MOVE	D:\switch游戏\个人汉化\clannad\汉化工作\04_scripts\inspect_zh_quote_forms_ascii.py	D:\switch游戏\个人汉化\clannad\汉化工作\07_archive\scripts_analysis\inspect_zh_quote_forms_ascii.py
MOVE	D:\switch游戏\个人汉化\clannad\汉化工作\04_scripts\locate_dangopedia_runtime_fix6_v2.py	D:\switch游戏\个人汉化\clannad\汉化工作\07_archive\scripts_analysis\locate_dangopedia_runtime_fix6_v2.py
MOVE	D:\switch游戏\个人汉化\clannad\汉化工作\04_scripts\locate_name_runtime_fix8_v5.py	D:\switch游戏\个人汉化\clannad\汉化工作\07_archive\scripts_analysis\locate_name_runtime_fix8_v5.py
MOVE	D:\switch游戏\个人汉化\clannad\汉化工作\04_scripts\locate_parts2_label_regions_v21.py	D:\switch游戏\个人汉化\clannad\汉化工作\07_archive\scripts_analysis\locate_parts2_label_regions_v21.py
MOVE	D:\switch游戏\个人汉化\clannad\汉化工作\04_scripts\locate_protagonist_name_fix7_v1.py	D:\switch游戏\个人汉化\clannad\汉化工作\07_archive\scripts_analysis\locate_protagonist_name_fix7_v1.py
MOVE	D:\switch游戏\个人汉化\clannad\汉化工作\04_scripts\locate_script_system_strings_v4.py	D:\switch游戏\个人汉化\clannad\汉化工作\07_archive\scripts_analysis\locate_script_system_strings_v4.py
MOVE	D:\switch游戏\个人汉化\clannad\汉化工作\04_scripts\locate_title_groups_v43.py	D:\switch游戏\个人汉化\clannad\汉化工作\07_archive\scripts_analysis\locate_title_groups_v43.py
MOVE	D:\switch游戏\个人汉化\clannad\汉化工作\04_scripts\resolve_fuzzy_between_anchors_v9.py	D:\switch游戏\个人汉化\clannad\汉化工作\07_archive\scripts_analysis\resolve_fuzzy_between_anchors_v9.py
MOVE	D:\switch游戏\个人汉化\clannad\汉化工作\04_scripts\resolve_global_exact_consensus_v9.py	D:\switch游戏\个人汉化\clannad\汉化工作\07_archive\scripts_analysis\resolve_global_exact_consensus_v9.py
MOVE	D:\switch游戏\个人汉化\clannad\汉化工作\04_scripts\resolve_init_resource_names_fix8_v7.py	D:\switch游戏\个人汉化\clannad\汉化工作\07_archive\scripts_analysis\resolve_init_resource_names_fix8_v7.py
MOVE	D:\switch游戏\个人汉化\clannad\汉化工作\04_scripts\resolve_nameedit_strings_fix8_v9.py	D:\switch游戏\个人汉化\clannad\汉化工作\07_archive\scripts_analysis\resolve_nameedit_strings_fix8_v9.py
MOVE	D:\switch游戏\个人汉化\clannad\汉化工作\04_scripts\resolve_nonlexical_dialogue_v10.py	D:\switch游戏\个人汉化\clannad\汉化工作\07_archive\scripts_analysis\resolve_nonlexical_dialogue_v10.py
MOVE	D:\switch游戏\个人汉化\clannad\汉化工作\04_scripts\resolve_remaining_by_learned_anchors.py	D:\switch游戏\个人汉化\clannad\汉化工作\07_archive\scripts_analysis\resolve_remaining_by_learned_anchors.py
MOVE	D:\switch游戏\个人汉化\clannad\汉化工作\04_scripts\resolve_remaining_by_strict_anchors.py	D:\switch游戏\个人汉化\clannad\汉化工作\07_archive\scripts_analysis\resolve_remaining_by_strict_anchors.py
MOVE	D:\switch游戏\个人汉化\clannad\汉化工作\04_scripts\resolve_review_recursive_anchors.py	D:\switch游戏\个人汉化\clannad\汉化工作\07_archive\scripts_analysis\resolve_review_recursive_anchors.py
MOVE	D:\switch游戏\个人汉化\clannad\汉化工作\04_scripts\resolve_review_signature_forced.py	D:\switch游戏\个人汉化\clannad\汉化工作\07_archive\scripts_analysis\resolve_review_signature_forced.py
MOVE	D:\switch游戏\个人汉化\clannad\汉化工作\04_scripts\resolve_rtti_fix3_v17.py	D:\switch游戏\个人汉化\clannad\汉化工作\07_archive\scripts_analysis\resolve_rtti_fix3_v17.py
MOVE	D:\switch游戏\个人汉化\clannad\汉化工作\04_scripts\resolve_rtti_fix3_v18.py	D:\switch游戏\个人汉化\clannad\汉化工作\07_archive\scripts_analysis\resolve_rtti_fix3_v18.py
MOVE	D:\switch游戏\个人汉化\clannad\汉化工作\04_scripts\resolve_small_review_gaps.py	D:\switch游戏\个人汉化\clannad\汉化工作\07_archive\scripts_analysis\resolve_small_review_gaps.py
MOVE	D:\switch游戏\个人汉化\clannad\汉化工作\04_scripts\resolve_switch_aggressive_between_anchors_v8.py	D:\switch游戏\个人汉化\clannad\汉化工作\07_archive\scripts_analysis\resolve_switch_aggressive_between_anchors_v8.py
MOVE	D:\switch游戏\个人汉化\clannad\汉化工作\04_scripts\resolve_switch_between_anchors_v6.py	D:\switch游戏\个人汉化\clannad\汉化工作\07_archive\scripts_analysis\resolve_switch_between_anchors_v6.py
MOVE	D:\switch游戏\个人汉化\clannad\汉化工作\04_scripts\resolve_switch_between_anchors_v8.py	D:\switch游戏\个人汉化\clannad\汉化工作\07_archive\scripts_analysis\resolve_switch_between_anchors_v8.py
MOVE	D:\switch游戏\个人汉化\clannad\汉化工作\04_scripts\resolve_title_subclasses_fix3_v23.py	D:\switch游戏\个人汉化\clannad\汉化工作\07_archive\scripts_analysis\resolve_title_subclasses_fix3_v23.py
MOVE	D:\switch游戏\个人汉化\clannad\汉化工作\04_scripts\scan_active_ascii_ui_refs_fix6_v5.py	D:\switch游戏\个人汉化\clannad\汉化工作\07_archive\scripts_analysis\scan_active_ascii_ui_refs_fix6_v5.py
MOVE	D:\switch游戏\个人汉化\clannad\汉化工作\04_scripts\scan_all_ui_english_v2.py	D:\switch游戏\个人汉化\clannad\汉化工作\07_archive\scripts_analysis\scan_all_ui_english_v2.py
MOVE	D:\switch游戏\个人汉化\clannad\汉化工作\04_scripts\scan_decompressed_rodata_ui_v37.py	D:\switch游戏\个人汉化\clannad\汉化工作\07_archive\scripts_analysis\scan_decompressed_rodata_ui_v37.py
MOVE	D:\switch游戏\个人汉化\clannad\汉化工作\04_scripts\scan_exefs_ui_strings_v25.py	D:\switch游戏\个人汉化\clannad\汉化工作\07_archive\scripts_analysis\scan_exefs_ui_strings_v25.py
MOVE	D:\switch游戏\个人汉化\clannad\汉化工作\04_scripts\scan_main_existing_chinese_v27.py	D:\switch游戏\个人汉化\clannad\汉化工作\07_archive\scripts_analysis\scan_main_existing_chinese_v27.py
MOVE	D:\switch游戏\个人汉化\clannad\汉化工作\04_scripts\scan_name_all_encodings_fix8_v8.py	D:\switch游戏\个人汉化\clannad\汉化工作\07_archive\scripts_analysis\scan_name_all_encodings_fix8_v8.py
MOVE	D:\switch游戏\个人汉化\clannad\汉化工作\04_scripts\scan_old_english_secondary_refs_fix4_v9.py	D:\switch游戏\个人汉化\clannad\汉化工作\07_archive\scripts_analysis\scan_old_english_secondary_refs_fix4_v9.py
MOVE	D:\switch游戏\个人汉化\clannad\汉化工作\04_scripts\scan_pc_name_binary_fix8_v4.py	D:\switch游戏\个人汉化\clannad\汉化工作\07_archive\scripts_analysis\scan_pc_name_binary_fix8_v4.py
MOVE	D:\switch游戏\个人汉化\clannad\汉化工作\04_scripts\scan_pc_zh_select_blocks.py	D:\switch游戏\个人汉化\clannad\汉化工作\07_archive\scripts_analysis\scan_pc_zh_select_blocks.py
MOVE	D:\switch游戏\个人汉化\clannad\汉化工作\04_scripts\scan_pointer_tables_overlap_fix4_v12.py	D:\switch游戏\个人汉化\clannad\汉化工作\07_archive\scripts_analysis\scan_pointer_tables_overlap_fix4_v12.py
MOVE	D:\switch游戏\个人汉化\clannad\汉化工作\04_scripts\scan_remaining_short_english_fix6_v15.py	D:\switch游戏\个人汉化\clannad\汉化工作\07_archive\scripts_analysis\scan_remaining_short_english_fix6_v15.py
MOVE	D:\switch游戏\个人汉化\clannad\汉化工作\04_scripts\scan_rodata_title_chinese_variants_v38.py	D:\switch游戏\个人汉化\clannad\汉化工作\07_archive\scripts_analysis\scan_rodata_title_chinese_variants_v38.py
MOVE	D:\switch游戏\个人汉化\clannad\汉化工作\04_scripts\scan_romfs_utf16_terms_v3.py	D:\switch游戏\个人汉化\clannad\汉化工作\07_archive\scripts_analysis\scan_romfs_utf16_terms_v3.py
MOVE	D:\switch游戏\个人汉化\clannad\汉化工作\04_scripts\scan_script_ascii_ui_v1.py	D:\switch游戏\个人汉化\clannad\汉化工作\07_archive\scripts_analysis\scan_script_ascii_ui_v1.py
MOVE	D:\switch游戏\个人汉化\clannad\汉化工作\04_scripts\scan_syscg2_probe_v71.py	D:\switch游戏\个人汉化\clannad\汉化工作\07_archive\scripts_analysis\scan_syscg2_probe_v71.py
MOVE	D:\switch游戏\个人汉化\clannad\汉化工作\04_scripts\scan_system_secondary_refs_fix4_v10.py	D:\switch游戏\个人汉化\clannad\汉化工作\07_archive\scripts_analysis\scan_system_secondary_refs_fix4_v10.py
MOVE	D:\switch游戏\个人汉化\clannad\汉化工作\04_scripts\scan_title_channels_v76.py	D:\switch游戏\个人汉化\clannad\汉化工作\07_archive\scripts_analysis\scan_title_channels_v76.py
MOVE	D:\switch游戏\个人汉化\clannad\汉化工作\04_scripts\scan_title_labels_all_paks_v11.py	D:\switch游戏\个人汉化\clannad\汉化工作\07_archive\scripts_analysis\scan_title_labels_all_paks_v11.py
MOVE	D:\switch游戏\个人汉化\clannad\汉化工作\04_scripts\scan_ui_channels_fix3_v7.py	D:\switch游戏\个人汉化\clannad\汉化工作\07_archive\scripts_analysis\scan_ui_channels_fix3_v7.py
MOVE	D:\switch游戏\个人汉化\clannad\汉化工作\04_scripts\scan_utf16_system_strings_v2.py	D:\switch游戏\个人汉化\clannad\汉化工作\07_archive\scripts_analysis\scan_utf16_system_strings_v2.py
MOVE	D:\switch游戏\个人汉化\clannad\汉化工作\04_scripts\xref_button_labels_fix5_v9.py	D:\switch游戏\个人汉化\clannad\汉化工作\07_archive\scripts_analysis\xref_button_labels_fix5_v9.py
MOVE	D:\switch游戏\个人汉化\clannad\汉化工作\04_scripts\xref_common_name_getter_fix8_v15.py	D:\switch游戏\个人汉化\clannad\汉化工作\07_archive\scripts_analysis\xref_common_name_getter_fix8_v15.py
MOVE	D:\switch游戏\个人汉化\clannad\汉化工作\04_scripts\xref_config_descriptions_fix3_v26.py	D:\switch游戏\个人汉化\clannad\汉化工作\07_archive\scripts_analysis\xref_config_descriptions_fix3_v26.py
MOVE	D:\switch游戏\个人汉化\clannad\汉化工作\04_scripts\xref_config_labels_fix3_v19.py	D:\switch游戏\个人汉化\clannad\汉化工作\07_archive\scripts_analysis\xref_config_labels_fix3_v19.py
MOVE	D:\switch游戏\个人汉化\clannad\汉化工作\04_scripts\xref_config_literals_fix3_v20.py	D:\switch游戏\个人汉化\clannad\汉化工作\07_archive\scripts_analysis\xref_config_literals_fix3_v20.py
MOVE	D:\switch游戏\个人汉化\clannad\汉化工作\04_scripts\xref_config_tabs_overlap_fix4_v1.py	D:\switch游戏\个人汉化\clannad\汉化工作\07_archive\scripts_analysis\xref_config_tabs_overlap_fix4_v1.py
MOVE	D:\switch游戏\个人汉化\clannad\汉化工作\04_scripts\xref_gamestart_v67.py	D:\switch游戏\个人汉化\clannad\汉化工作\07_archive\scripts_analysis\xref_gamestart_v67.py
MOVE	D:\switch游戏\个人汉化\clannad\汉化工作\04_scripts\xref_name_prompts_fix7_v6.py	D:\switch游戏\个人汉化\clannad\汉化工作\07_archive\scripts_analysis\xref_name_prompts_fix7_v6.py
MOVE	D:\switch游戏\个人汉化\clannad\汉化工作\04_scripts\xref_name_slot_offsets_fix8_v11.py	D:\switch游戏\个人汉化\clannad\汉化工作\07_archive\scripts_analysis\xref_name_slot_offsets_fix8_v11.py
MOVE	D:\switch游戏\个人汉化\clannad\汉化工作\04_scripts\xref_rodata_strings_v40.py	D:\switch游戏\个人汉化\clannad\汉化工作\07_archive\scripts_analysis\xref_rodata_strings_v40.py
MOVE	D:\switch游戏\个人汉化\clannad\汉化工作\04_scripts\xref_rodata_strings_v42.py	D:\switch游戏\个人汉化\clannad\汉化工作\07_archive\scripts_analysis\xref_rodata_strings_v42.py
MOVE	D:\switch游戏\个人汉化\clannad\汉化工作\04_scripts\xref_scr_label_fix3_v28.py	D:\switch游戏\个人汉化\clannad\汉化工作\07_archive\scripts_analysis\xref_scr_label_fix3_v28.py
MOVE	D:\switch游戏\个人汉化\clannad\汉化工作\04_scripts\xref_task_classes_fix3_v4.py	D:\switch游戏\个人汉化\clannad\汉化工作\07_archive\scripts_analysis\xref_task_classes_fix3_v4.py
MOVE	D:\switch游戏\个人汉化\clannad\汉化工作\04_scripts\xref_task_objects_fix3_v5.py	D:\switch游戏\个人汉化\clannad\汉化工作\07_archive\scripts_analysis\xref_task_objects_fix3_v5.py
MOVE	D:\switch游戏\个人汉化\clannad\汉化工作\04_scripts\xref_title_assets_v44.py	D:\switch游戏\个人汉化\clannad\汉化工作\07_archive\scripts_analysis\xref_title_assets_v44.py
MOVE	D:\switch游戏\个人汉化\clannad\汉化工作\04_scripts\xref_title_draw_layer_fix3_v29.py	D:\switch游戏\个人汉化\clannad\汉化工作\07_archive\scripts_analysis\xref_title_draw_layer_fix3_v29.py
MOVE	D:\switch游戏\个人汉化\clannad\汉化工作\04_scripts\xref_title_menu_strings_fix3_v2.py	D:\switch游戏\个人汉化\clannad\汉化工作\07_archive\scripts_analysis\xref_title_menu_strings_fix3_v2.py
MOVE	D:\switch游戏\个人汉化\clannad\汉化工作\04_scripts\xref_title_string_source_v59.py	D:\switch游戏\个人汉化\clannad\汉化工作\07_archive\scripts_analysis\xref_title_string_source_v59.py
MOVE	D:\switch游戏\个人汉化\clannad\汉化工作\04_scripts\xref_ui_globals_v68.py	D:\switch游戏\个人汉化\clannad\汉化工作\07_archive\scripts_analysis\xref_ui_globals_v68.py
MOVE	D:\switch游戏\个人汉化\clannad\汉化工作\04_scripts\check_afterstory_final_coverage.py	D:\switch游戏\个人汉化\clannad\汉化工作\07_archive\scripts_analysis\check_afterstory_final_coverage.py
